2026-07-25 17:30:11  INFO      backend.proxy_manager   [Proxy] 'proxies.txt' empty or missing - running without proxies.
2026-07-25 17:30:37  INFO      backend.csv_store       [CSV] Resume: 0 numbers already processed previously.
2026-07-25 17:30:37  INFO      backend.number_builder  [Builder] 806 exch 549-550 x line 1111-1122 -> 24 to check, 0 skipped (already done)
2026-07-25 17:33:47  INFO      backend.session_manager  [Session] Manual token applied (1.wEFmpPUJdRAHqdhs-nYj1x...)
2026-07-25 17:33:51  INFO      backend.session_manager  [Session] Test connection -> HTTP 200
2026-07-25 17:33:56  INFO      backend.csv_store       [CSV] Resume: 0 numbers already processed previously.
2026-07-25 17:33:56  INFO      backend.number_builder  [Builder] 806 exch 549-550 x line 1111-1122 -> 24 to check, 0 skipped (already done)
2026-07-25 17:33:56  INFO      backend.checker_engine  [Engine] Starting run - 24 numbers queued, 40 threads.
2026-07-25 17:33:56  INFO      backend.checker_engine  [Engine] Chunk 1/1 - 24 numbers.
2026-07-25 17:34:02  WARNING   urllib3.connectionpool  Connection pool is full, discarding connection: api.uspeoplesearch.net. Connection pool size: 10
2026-07-25 17:34:02  WARNING   urllib3.connectionpool  Connection pool is full, discarding connection: api.uspeoplesearch.net. Connection pool size: 10
2026-07-25 17:34:02  WARNING   urllib3.connectionpool  Connection pool is full, discarding connection: api.uspeoplesearch.net. Connection pool size: 10
2026-07-25 17:34:02  WARNING   urllib3.connectionpool  Connection pool is full, discarding connection: api.uspeoplesearch.net. Connection pool size: 10
2026-07-25 17:34:02  WARNING   urllib3.connectionpool  Connection pool is full, discarding connection: api.uspeoplesearch.net. Connection pool size: 10
2026-07-25 17:34:02  WARNING   urllib3.connectionpool  Connection pool is full, discarding connection: api.uspeoplesearch.net. Connection pool size: 10
2026-07-25 17:34:02  WARNING   urllib3.connectionpool  Connection pool is full, discarding connection: api.uspeoplesearch.net. Connection pool size: 10
2026-07-25 17:34:02  WARNING   urllib3.connectionpool  Connection pool is full, discarding connection: api.uspeoplesearch.net. Connection pool size: 10
2026-07-25 17:34:02  WARNING   urllib3.connectionpool  Connection pool is full, discarding connection: api.uspeoplesearch.net. Connection pool size: 10
2026-07-25 17:34:02  WARNING   urllib3.connectionpool  Connection pool is full, discarding connection: api.uspeoplesearch.net. Connection pool size: 10
2026-07-25 17:34:02  WARNING   urllib3.connectionpool  Connection pool is full, discarding connection: api.uspeoplesearch.net. Connection pool size: 10
2026-07-25 17:34:02  WARNING   urllib3.connectionpool  Connection pool is full, discarding connection: api.uspeoplesearch.net. Connection pool size: 10
2026-07-25 17:34:02  WARNING   urllib3.connectionpool  Connection pool is full, discarding connection: api.uspeoplesearch.net. Connection pool size: 10
2026-07-25 17:34:03  WARNING   urllib3.connectionpool  Connection pool is full, discarding connection: api.uspeoplesearch.net. Connection pool size: 10
2026-07-25 17:34:03  INFO      backend.csv_store       [CSV] Buffers flushed to disk.
2026-07-25 17:34:03  INFO      backend.checker_engine  [Engine] Run finished. processed=24 valid=18 dnc=6 non_existent=0 errors=0 in 7.9s.
2026-07-25 17:35:44  INFO      backend.csv_store       [CSV] Resume: 24 numbers already processed previously.
2026-07-25 17:35:44  INFO      backend.number_builder  [Builder] 910 exch 785-785 x line 2362-2500 -> 139 to check, 0 skipped (already done)
2026-07-25 17:35:44  INFO      backend.checker_engine  [Engine] Starting run - 139 numbers queued, 40 threads.
2026-07-25 17:35:44  INFO      backend.checker_engine  [Engine] Chunk 1/1 - 139 numbers.
2026-07-25 17:35:58  WARNING   urllib3.connectionpool  Connection pool is full, discarding connection: api.uspeoplesearch.net. Connection pool size: 10
2026-07-25 17:35:58  WARNING   urllib3.connectionpool  Connection pool is full, discarding connection: api.uspeoplesearch.net. Connection pool size: 10
2026-07-25 17:35:58  WARNING   urllib3.connectionpool  Connection pool is full, discarding connection: api.uspeoplesearch.net. Connection pool size: 10
2026-07-25 17:35:58  WARNING   urllib3.connectionpool  Connection pool is full, discarding connection: api.uspeoplesearch.net. Connection pool size: 10
2026-07-25 17:35:58  WARNING   urllib3.connectionpool  Connection pool is full, discarding connection: api.uspeoplesearch.net. Connection pool size: 10
2026-07-25 17:35:58  WARNING   urllib3.connectionpool  Connection pool is full, discarding connection: api.uspeoplesearch.net. Connection pool size: 10
2026-07-25 17:35:58  WARNING   urllib3.connectionpool  Connection pool is full, discarding connection: api.uspeoplesearch.net. Connection pool size: 10
2026-07-25 17:35:58  WARNING   urllib3.connectionpool  Connection pool is full, discarding connection: api.uspeoplesearch.net. Connection pool size: 10
2026-07-25 17:35:58  WARNING   urllib3.connectionpool  Connection pool is full, discarding connection: api.uspeoplesearch.net. Connection pool size: 10
2026-07-25 17:35:58  WARNING   urllib3.connectionpool  Connection pool is full, discarding connection: api.uspeoplesearch.net. Connection pool size: 10
2026-07-25 17:35:58  WARNING   urllib3.connectionpool  Connection pool is full, discarding connection: api.uspeoplesearch.net. Connection pool size: 10
2026-07-25 17:35:58  WARNING   urllib3.connectionpool  Connection pool is full, discarding connection: api.uspeoplesearch.net. Connection pool size: 10
2026-07-25 17:35:58  WARNING   urllib3.connectionpool  Connection pool is full, discarding connection: api.uspeoplesearch.net. Connection pool size: 10
2026-07-25 17:35:58  WARNING   urllib3.connectionpool  Connection pool is full, discarding connection: api.uspeoplesearch.net. Connection pool size: 10
2026-07-25 17:35:59  WARNING   urllib3.connectionpool  Connection pool is full, discarding connection: api.uspeoplesearch.net. Connection pool size: 10
2026-07-25 17:35:59  WARNING   urllib3.connectionpool  Connection pool is full, discarding connection: api.uspeoplesearch.net. Connection pool size: 10
2026-07-25 17:35:59  WARNING   urllib3.connectionpool  Connection pool is full, discarding connection: api.uspeoplesearch.net. Connection pool size: 10
2026-07-25 17:35:59  WARNING   urllib3.connectionpool  Connection pool is full, discarding connection: api.uspeoplesearch.net. Connection pool size: 10
2026-07-25 17:35:59  WARNING   urllib3.connectionpool  Connection pool is full, discarding connection: api.uspeoplesearch.net. Connection pool size: 10
2026-07-25 17:35:59  WARNING   urllib3.connectionpool  Connection pool is full, discarding connection: api.uspeoplesearch.net. Connection pool size: 10
2026-07-25 17:35:59  WARNING   urllib3.connectionpool  Connection pool is full, discarding connection: api.uspeoplesearch.net. Connection pool size: 10
2026-07-25 17:35:59  WARNING   urllib3.connectionpool  Connection pool is full, discarding connection: api.uspeoplesearch.net. Connection pool size: 10
2026-07-25 17:35:59  WARNING   urllib3.connectionpool  Connection pool is full, discarding connection: api.uspeoplesearch.net. Connection pool size: 10
2026-07-25 17:35:59  WARNING   urllib3.connectionpool  Connection pool is full, discarding connection: api.uspeoplesearch.net. Connection pool size: 10
2026-07-25 17:36:00  WARNING   urllib3.connectionpool  Connection pool is full, discarding connection: api.uspeoplesearch.net. Connection pool size: 10
2026-07-25 17:36:00  WARNING   urllib3.connectionpool  Connection pool is full, discarding connection: api.uspeoplesearch.net. Connection pool size: 10
2026-07-25 17:36:00  WARNING   urllib3.connectionpool  Connection pool is full, discarding connection: api.uspeoplesearch.net. Connection pool size: 10
2026-07-25 17:36:00  WARNING   urllib3.connectionpool  Connection pool is full, discarding connection: api.uspeoplesearch.net. Connection pool size: 10
2026-07-25 17:36:00  WARNING   urllib3.connectionpool  Connection pool is full, discarding connection: api.uspeoplesearch.net. Connection pool size: 10
2026-07-25 17:36:00  WARNING   urllib3.connectionpool  Connection pool is full, discarding connection: api.uspeoplesearch.net. Connection pool size: 10
2026-07-25 17:36:00  INFO      backend.csv_store       [CSV] Buffers flushed to disk.
2026-07-25 17:36:00  INFO      backend.checker_engine  [Engine] Run finished. processed=139 valid=111 dnc=28 non_existent=0 errors=0 in 16.3s.
2026-07-25 17:37:56  INFO      backend.csv_store       [CSV] Resume: 163 numbers already processed previously.
2026-07-25 17:37:56  INFO      backend.number_builder  [Builder] 910 exch 785-785 x line 2362-2365 -> 0 to check, 4 skipped (already done)
2026-07-25 17:38:03  INFO      backend.csv_store       [CSV] All output files reset.
2026-07-25 17:38:10  INFO      backend.csv_store       [CSV] Resume: 0 numbers already processed previously.
2026-07-25 17:38:10  INFO      backend.number_builder  [Builder] 910 exch 785-785 x line 2362-2365 -> 4 to check, 0 skipped (already done)
2026-07-25 17:38:10  INFO      backend.checker_engine  [Engine] Starting run - 4 numbers queued, 40 threads.
2026-07-25 17:38:10  INFO      backend.checker_engine  [Engine] Chunk 1/1 - 4 numbers.
2026-07-25 17:38:12  INFO      backend.csv_store       [CSV] Buffers flushed to disk.
2026-07-25 17:38:12  INFO      backend.checker_engine  [Engine] Run finished. processed=4 valid=4 dnc=0 non_existent=0 errors=0 in 2.4s.
2026-07-25 17:39:25  INFO      backend.csv_store       [CSV] Resume: 4 numbers already processed previously.
2026-07-25 17:39:25  INFO      backend.number_builder  [Builder] 806 exch 549-549 x line 5653-5655 -> 3 to check, 0 skipped (already done)
2026-07-25 17:39:25  INFO      backend.checker_engine  [Engine] Starting run - 3 numbers queued, 40 threads.
2026-07-25 17:39:25  INFO      backend.checker_engine  [Engine] Chunk 1/1 - 3 numbers.
2026-07-25 17:39:27  INFO      backend.csv_store       [CSV] Buffers flushed to disk.
2026-07-25 17:39:27  INFO      backend.checker_engine  [Engine] Run finished. processed=3 valid=2 dnc=1 non_existent=0 errors=0 in 2.3s.
